2026-05-22 07:02:49,060 INFO [alembic.runtime.migration] Context impl PostgresqlImpl.
2026-05-22 07:02:49,060 INFO [alembic.runtime.migration] Will assume transactional DDL.
2026-05-22 07:02:49,072 INFO [alembic.runtime.migration] Running upgrade  -> 20260512_0001, Cree le schema SQL initial de CloudCollectionApp.
2026-05-22 07:02:49,873 INFO [alembic.runtime.migration] Context impl PostgresqlImpl.
2026-05-22 07:02:49,873 INFO [alembic.runtime.migration] Will assume transactional DDL.
2026-05-22 07:02:49,879 INFO [alembic.runtime.migration] Running upgrade  -> 20260512_0001, Cree le schema SQL initial de CloudCollectionApp.
2026-05-22 07:02:50,779 INFO [alembic.runtime.migration] Context impl PostgresqlImpl.
2026-05-22 07:02:50,779 INFO [alembic.runtime.migration] Will assume transactional DDL.
2026-05-22 07:02:50,784 INFO [alembic.runtime.migration] Running upgrade  -> 20260512_0001, Cree le schema SQL initial de CloudCollectionApp.
2026-05-22 07:02:51,915 INFO [alembic.runtime.migration] Context impl PostgresqlImpl.
2026-05-22 07:02:51,915 INFO [alembic.runtime.migration] Will assume transactional DDL.
2026-05-22 07:02:51,920 INFO [alembic.runtime.migration] Running upgrade  -> 20260512_0001, Cree le schema SQL initial de CloudCollectionApp.
2026-05-22 07:02:53,474 INFO [alembic.runtime.migration] Context impl PostgresqlImpl.
2026-05-22 07:02:53,474 INFO [alembic.runtime.migration] Will assume transactional DDL.
2026-05-22 07:02:53,479 INFO [alembic.runtime.migration] Running upgrade  -> 20260512_0001, Cree le schema SQL initial de CloudCollectionApp.
2026-05-22 07:02:55,818 INFO [alembic.runtime.migration] Context impl PostgresqlImpl.
2026-05-22 07:02:55,818 INFO [alembic.runtime.migration] Will assume transactional DDL.
2026-05-22 07:02:55,823 INFO [alembic.runtime.migration] Running upgrade  -> 20260512_0001, Cree le schema SQL initial de CloudCollectionApp.
2026-05-22 07:02:59,786 INFO [alembic.runtime.migration] Context impl PostgresqlImpl.
2026-05-22 07:02:59,786 INFO [alembic.runtime.migration] Will assume transactional DDL.
2026-05-22 07:02:59,791 INFO [alembic.runtime.migration] Running upgrade  -> 20260512_0001, Cree le schema SQL initial de CloudCollectionApp.
2026-05-22 07:03:06,915 INFO [alembic.runtime.migration] Context impl PostgresqlImpl.
2026-05-22 07:03:06,916 INFO [alembic.runtime.migration] Will assume transactional DDL.
2026-05-22 07:03:06,920 INFO [alembic.runtime.migration] Running upgrade  -> 20260512_0001, Cree le schema SQL initial de CloudCollectionApp.
2026-05-22 07:03:20,481 INFO [alembic.runtime.migration] Context impl PostgresqlImpl.
2026-05-22 07:03:20,481 INFO [alembic.runtime.migration] Will assume transactional DDL.
2026-05-22 07:03:20,486 INFO [alembic.runtime.migration] Running upgrade  -> 20260512_0001, Cree le schema SQL initial de CloudCollectionApp.
2026-05-22 07:03:46,809 INFO [alembic.runtime.migration] Context impl PostgresqlImpl.
2026-05-22 07:03:46,809 INFO [alembic.runtime.migration] Will assume transactional DDL.
2026-05-22 07:03:46,814 INFO [alembic.runtime.migration] Running upgrade  -> 20260512_0001, Cree le schema SQL initial de CloudCollectionApp.
2026-05-22 07:04:38,708 INFO [alembic.runtime.migration] Context impl PostgresqlImpl.
2026-05-22 07:04:38,708 INFO [alembic.runtime.migration] Will assume transactional DDL.
2026-05-22 07:04:38,714 INFO [alembic.runtime.migration] Running upgrade  -> 20260512_0001, Cree le schema SQL initial de CloudCollectionApp.
2026-05-22 07:05:39,435 INFO [alembic.runtime.migration] Context impl PostgresqlImpl.
2026-05-22 07:05:39,435 INFO [alembic.runtime.migration] Will assume transactional DDL.
2026-05-22 07:05:39,441 INFO [alembic.runtime.migration] Running upgrade  -> 20260512_0001, Cree le schema SQL initial de CloudCollectionApp.
2026-05-22 07:06:40,196 INFO [alembic.runtime.migration] Context impl PostgresqlImpl.
2026-05-22 07:06:40,196 INFO [alembic.runtime.migration] Will assume transactional DDL.
2026-05-22 07:06:40,201 INFO [alembic.runtime.migration] Running upgrade  -> 20260512_0001, Cree le schema SQL initial de CloudCollectionApp.
2026-05-22 07:07:16,561 INFO [alembic.runtime.migration] Context impl PostgresqlImpl.
2026-05-22 07:07:16,561 INFO [alembic.runtime.migration] Will assume transactional DDL.
2026-05-22 07:07:16,566 INFO [alembic.runtime.migration] Running upgrade  -> 20260512_0001, Cree le schema SQL initial de CloudCollectionApp.
2026-05-22 07:07:16,581 INFO [alembic.runtime.migration] Running upgrade 20260512_0001 -> 20260513_0002, Ajoute la validation email aux utilisateurs.
2026-05-22 07:07:16,594 INFO [app] Schema PostgreSQL initialise : cloudcollectionapp.
2026-05-22 07:07:57,515 INFO [app] Demande d'inscription utilisateur recue.
2026-05-22 07:07:57,625 INFO [app] Utilisateur inscrit avec succes: id=1.
2026-05-22 07:08:58,309 INFO [alembic.runtime.migration] Context impl PostgresqlImpl.
2026-05-22 07:08:58,309 INFO [alembic.runtime.migration] Will assume transactional DDL.
2026-05-22 07:08:58,313 INFO [app] Schema PostgreSQL initialise : cloudcollectionapp.
2026-05-22 07:09:17,910 INFO [app] Demande d'inscription utilisateur recue.
2026-05-22 07:09:18,015 INFO [app] Utilisateur inscrit avec succes: id=2.
2026-05-22 07:13:22,534 INFO [alembic.runtime.migration] Context impl PostgresqlImpl.
2026-05-22 07:13:22,534 INFO [alembic.runtime.migration] Will assume transactional DDL.
2026-05-22 07:13:22,538 INFO [app] Schema PostgreSQL initialise : cloudcollectionapp.
2026-05-22 07:13:32,266 INFO [app] Demande d'inscription utilisateur recue.
2026-05-22 07:13:32,371 INFO [app] Utilisateur inscrit avec succes: id=3.
2026-05-22 07:17:51,992 INFO [alembic.runtime.migration] Context impl PostgresqlImpl.
2026-05-22 07:17:51,992 INFO [alembic.runtime.migration] Will assume transactional DDL.
2026-05-22 07:17:51,997 INFO [app] Schema PostgreSQL initialise : cloudcollectionapp.
2026-05-22 07:18:57,392 INFO [app] Demande d'inscription utilisateur recue.
2026-05-22 07:18:57,501 INFO [app] Utilisateur inscrit avec succes: id=4.
2026-05-22 07:21:59,755 INFO [app] Demande de validation email recue.
2026-05-22 07:21:59,767 INFO [app] Email utilisateur valide avec succes: id=4.
2026-05-22 07:26:14,013 INFO [alembic.runtime.migration] Context impl PostgresqlImpl.
2026-05-22 07:26:14,013 INFO [alembic.runtime.migration] Will assume transactional DDL.
2026-05-22 07:26:14,017 INFO [app] Schema PostgreSQL initialise : cloudcollectionapp.
2026-05-22 07:26:25,095 INFO [app] Demande de validation email recue.
2026-05-22 07:26:25,096 WARNING [app] Validation email refusee: token invalide ou expire.
2026-05-22 07:30:12,052 INFO [alembic.runtime.migration] Context impl PostgresqlImpl.
2026-05-22 07:30:12,052 INFO [alembic.runtime.migration] Will assume transactional DDL.
2026-05-22 07:30:12,056 INFO [app] Schema PostgreSQL initialise : cloudcollectionapp.
2026-05-22 07:37:16,285 INFO [alembic.runtime.migration] Context impl PostgresqlImpl.
2026-05-22 07:37:16,286 INFO [alembic.runtime.migration] Will assume transactional DDL.
2026-05-22 07:37:16,290 INFO [app] Schema PostgreSQL initialise : cloudcollectionapp.
2026-05-22 07:38:06,499 INFO [app] Demande d'inscription utilisateur recue.
2026-05-22 07:38:06,607 INFO [app] Utilisateur inscrit avec succes: id=5.
2026-05-22 07:38:51,924 INFO [app] Demande de validation email recue.
2026-05-22 07:38:51,937 INFO [app] Email utilisateur valide avec succes: id=5.
2026-05-22 07:49:24,852 INFO [alembic.runtime.migration] Context impl PostgresqlImpl.
2026-05-22 07:49:24,852 INFO [alembic.runtime.migration] Will assume transactional DDL.
2026-05-22 07:49:24,855 INFO [alembic.runtime.migration] Running upgrade 20260513_0002 -> 20260522_0003, Ajoute le profil applicatif aux utilisateurs.
2026-05-22 07:49:24,860 INFO [app] Schema PostgreSQL initialise : cloudcollectionapp.
2026-05-22 07:52:22,321 INFO [alembic.runtime.migration] Context impl PostgresqlImpl.
2026-05-22 07:52:22,322 INFO [alembic.runtime.migration] Will assume transactional DDL.
2026-05-22 07:52:22,326 INFO [app] Schema PostgreSQL initialise : cloudcollectionapp.
2026-05-22 14:53:31,324 INFO [alembic.runtime.migration] Context impl PostgresqlImpl.
2026-05-22 14:53:31,324 INFO [alembic.runtime.migration] Will assume transactional DDL.
2026-05-22 14:53:31,332 INFO [app] Schema PostgreSQL initialise : cloudcollectionapp.
2026-05-22 14:53:48,339 INFO [alembic.runtime.migration] Context impl PostgresqlImpl.
2026-05-22 14:53:48,339 INFO [alembic.runtime.migration] Will assume transactional DDL.
2026-05-22 14:53:48,343 INFO [app] Schema PostgreSQL initialise : cloudcollectionapp.
2026-05-22 14:57:30,675 INFO [alembic.runtime.migration] Context impl PostgresqlImpl.
2026-05-22 14:57:30,675 INFO [alembic.runtime.migration] Will assume transactional DDL.
2026-05-22 14:57:30,680 INFO [app] Schema PostgreSQL initialise : cloudcollectionapp.
2026-05-22 14:59:46,283 INFO [alembic.runtime.migration] Context impl PostgresqlImpl.
2026-05-22 14:59:46,283 INFO [alembic.runtime.migration] Will assume transactional DDL.
2026-05-22 14:59:46,288 INFO [app] Schema PostgreSQL initialise : cloudcollectionapp.
